<html>
<body>
<pre>
<h1>µVision Build Log</h1>
<h2>Tool Versions:</h2>
IDE-Version: µVision V5.38.0.0
Copyright (C) 2022 ARM Ltd and ARM Germany GmbH. All rights reserved.
License Information: Reinhard Keil, Arm Germany GmbH, LIC=HF8W8-324Z1-YKIBH-U5GM2-47UGB-XHREB
 
Tool Versions:
Toolchain:       MDK-ARM Professional  Version: 5.38.0.0
Toolchain Path:  C:\Keil_v5\ARM\ARMCLANG\Bin
C Compiler:      ArmClang.exe V6.19
Assembler:       Armasm.exe V6.19
Linker/Locator:  ArmLink.exe V6.19
Library Manager: ArmAr.exe V6.19
Hex Converter:   FromElf.exe V6.19
CPU DLL:         
Dialog DLL:      
Target DLL:      DbgFMv8M.DLL V1.3.40.0
Dialog DLL:      TCM.DLL V1.56.4.0
 
<h2>Project:</h2>
C:\Test\SimpleTrustZone\CM33_s\CM33_s.uvprojx
Project File Date:  03/21/2023

<h2>Output:</h2>
*** Using Compiler 'V6.19', folder: 'C:\Keil_v5\ARM\ARMCLANG\Bin'
Rebuild Project 'CM33_s' - Target 'FVP Simulation Model'
compiling startup_ARMCM33.c...
compiling system_ARMCM33.c...
compiling interface.c...
compiling main_s.c...
linking...
Program Size: Code=716 RO-data=2000 RW-data=4 ZI-data=4104  
".\Objects\CM33_s.axf" - 0 Error(s), 0 Warning(s).

<h2>Software Packages used:</h2>

Package Vendor: ARM
                http://www.keil.com/pack/ARM.CMSIS.5.9.0.pack
                ARM.CMSIS.5.9.0
                CMSIS (Common Microcontroller Software Interface Standard)
   * Component: CORE Version: 5.6.0
   * Component: Startup Variant: C Startup Version: 2.1.0

<h2>Collection of Component include folders:</h2>
  ./RTE/Device/ARMCM33_DSP_FP_TZ
  ./RTE/_FVP_Simulation_Model
  C:/Users/reikei01/AppData/Local/Arm/Packs/ARM/CMSIS/5.9.0/CMSIS/Core/Include
  C:/Users/reikei01/AppData/Local/Arm/Packs/ARM/CMSIS/5.9.0/Device/ARM/ARMCM33/Include

<h2>Collection of Component Files used:</h2>

   * Component: ARM::CMSIS:CORE:5.6.0
      Include file:  CMSIS/Core/Include/tz_context.h
      Source file:   CMSIS/Core/Template/ARMv8-M/tz_context.c
      Source file:   CMSIS/Core/Template/ARMv8-M/main_s.c

   * Component: ARM::Device:Startup:C Startup:2.1.0
      Include file:  Device/ARM/ARMCM33/Include/Template/partition_ARMCM33.h
      Source file:   Device/ARM/ARMCM33/Source/system_ARMCM33.c
      Source file:   Device/ARM/ARMCM33/Source/startup_ARMCM33.c
Build Time Elapsed:  00:00:00
</pre>
</body>
</html>
